INFO: Loading configuration from /Users/Veatch/ATLAS/Pheno/TRSM/trsmscans/config/TRSMBroken_default.yml

INFO: Running a prescan with 100 points for X1001_S301
INFO: Found a prescan that already has 5003 points
INFO: 100 points requested, skipping since no more are needed
INFO: If you want to overwrite the existing prescan, run with the -o option
INFO: Found the following ranges from the prescan:
INFO: Using 4 ZoomOptimizer(s)

INFO: Iteration: ZoomOptimizer-0-Iteration-0000
INFO: 25 points requested
INFO: All processes finished. Merging outputs...
INFO: Generated 27 points that pass filters
INFO: Iteration took 0:00:10 (hh:mm:ss)

INFO: Iteration: ZoomOptimizer-1-Iteration-0000
INFO: 25 points requested
INFO: All processes finished. Merging outputs...
INFO: All processes finished. Merging outputs...
INFO: Generated 27 points that pass filters
INFO: Iteration took 0:00:13 (hh:mm:ss)

INFO: Iteration: ZoomOptimizer-2-Iteration-0000
INFO: 25 points requested
INFO: All processes finished. Merging outputs...
INFO: All processes finished. Merging outputs...
INFO: Generated 28 points that pass filters
INFO: Iteration took 0:00:13 (hh:mm:ss)

INFO: Iteration: ZoomOptimizer-3-Iteration-0000
INFO: 25 points requested
INFO: All processes finished. Merging outputs...
INFO: All processes finished. Merging outputs...
INFO: Generated 30 points that pass filters
INFO: Iteration took 0:00:14 (hh:mm:ss)

INFO: Iteration: ZoomOptimizer-0-Iteration-0001
INFO: 28 points requested
INFO: All processes finished. Merging outputs...
INFO: Generated 29 points that pass filters
INFO: Local max is consistently less than half of global max
INFO: Terminating zoom optimizer
INFO: Iteration took 0:00:08 (hh:mm:ss)

INFO: Iteration: ZoomOptimizer-1-Iteration-0001
INFO: 26 points requested
INFO: All processes finished. Merging outputs...
INFO: All processes finished. Merging outputs...
INFO: Generated 32 points that pass filters
INFO: Iteration took 0:00:15 (hh:mm:ss)

INFO: Iteration: ZoomOptimizer-2-Iteration-0001
INFO: 25 points requested
INFO: All processes finished. Merging outputs...
INFO: Generated 28 points that pass filters
INFO: Local max is consistently less than half of global max
INFO: Terminating zoom optimizer
INFO: Iteration took 0:00:08 (hh:mm:ss)

INFO: Iteration: ZoomOptimizer-3-Iteration-0001
INFO: 27 points requested
INFO: All processes finished. Merging outputs...
INFO: All processes finished. Merging outputs...
INFO: Generated 31 points that pass filters
INFO: Local max is consistently less than half of global max
INFO: Terminating zoom optimizer
INFO: Iteration took 0:00:13 (hh:mm:ss)

INFO: Iteration: ZoomOptimizer-1-Iteration-0002
INFO: 24 points requested
INFO: All processes finished. Merging outputs...
INFO: All processes finished. Merging outputs...
INFO: Generated 24 points that pass filters
INFO: Iteration took 0:00:13 (hh:mm:ss)

INFO: Iteration: ZoomOptimizer-1-Iteration-0003
INFO: 20 points requested
INFO: All processes finished. Merging outputs...
INFO: Generated 20 points that pass filters
INFO: Iteration took 0:00:10 (hh:mm:ss)

INFO: Iteration: ZoomOptimizer-1-Iteration-0004
INFO: 20 points requested
INFO: All processes finished. Merging outputs...
INFO: Generated 20 points that pass filters
INFO: Iteration took 0:00:18 (hh:mm:ss)

INFO: Iteration: ZoomOptimizer-1-Iteration-0005
INFO: 20 points requested
INFO: All processes finished. Merging outputs...
INFO: Generated 20 points that pass filters
INFO: Iteration took 0:00:16 (hh:mm:ss)

INFO: Iteration: ZoomOptimizer-1-Iteration-0006
INFO: 20 points requested
INFO: All processes finished. Merging outputs...
INFO: Generated 20 points that pass filters
INFO: Iteration took 0:00:14 (hh:mm:ss)

INFO: Iteration: ZoomOptimizer-1-Iteration-0007
INFO: 20 points requested
INFO: All processes finished. Merging outputs...
INFO: Generated 20 points that pass filters
INFO: Iteration took 0:00:17 (hh:mm:ss)

INFO: Iteration: ZoomOptimizer-1-Iteration-0008
INFO: 20 points requested
INFO: All processes finished. Merging outputs...
INFO: Generated 20 points that pass filters
INFO: Iteration took 0:00:11 (hh:mm:ss)

INFO: Iteration: ZoomOptimizer-1-Iteration-0009
INFO: 20 points requested
INFO: All processes finished. Merging outputs...
INFO: Generated 20 points that pass filters
INFO: Iteration took 0:00:10 (hh:mm:ss)

INFO: Iteration: ZoomOptimizer-1-Iteration-0010
INFO: 20 points requested
INFO: All processes finished. Merging outputs...
INFO: Generated 20 points that pass filters
INFO: Iteration took 0:00:09 (hh:mm:ss)

INFO: Iteration: ZoomOptimizer-1-Iteration-0011
INFO: 20 points requested
INFO: All processes finished. Merging outputs...
INFO: Generated 20 points that pass filters
INFO: Iteration took 0:00:08 (hh:mm:ss)

INFO: Iteration: ZoomOptimizer-1-Iteration-0012
INFO: 20 points requested
INFO: All processes finished. Merging outputs...
INFO: Generated 20 points that pass filters
INFO: Iteration took 0:00:09 (hh:mm:ss)

INFO: Iteration: ZoomOptimizer-1-Iteration-0013
INFO: 20 points requested
INFO: All processes finished. Merging outputs...
INFO: Generated 20 points that pass filters
INFO: Iteration took 0:00:08 (hh:mm:ss)

INFO: Iteration: ZoomOptimizer-1-Iteration-0014
INFO: 20 points requested
INFO: All processes finished. Merging outputs...
INFO: Generated 20 points that pass filters
INFO: Local max is increasing by less than 5%
INFO: Terminating zoom optimizer
INFO: Iteration took 0:00:07 (hh:mm:ss)

INFO: Done!
INFO: Scan took 0:04:15 (hh:mm:ss)

